# serializer version: 1
# name: test_build_graph_jsonld_snapshot
  list([
    '{',
    '  "@context": "https://schema.org/",',
    '  "@graph": [',
    '    {',
    '      "@type": "CreativeWork",',
    '      "citation": [',
    '        "concepts/transformer.md"',
    '      ],',
    '      "dateModified": "2026-05-08",',
    '      "name": "Attention",',
    '      "url": "concepts/attention.md"',
    '    },',
    '    {',
    '      "@type": "CreativeWork",',
    '      "citation": [',
    '        "concepts/attention.md",',
    '        "entities/google.md"',
    '      ],',
    '      "dateModified": "2026-05-08",',
    '      "name": "Transformer",',
    '      "url": "concepts/transformer.md"',
    '    },',
    '    {',
    '      "@type": "CreativeWork",',
    '      "dateModified": "2026-05-08",',
    '      "name": "Google",',
    '      "url": "entities/google.md"',
    '    }',
    '  ]',
    '}',
  ])
# ---
# name: test_build_llms_full_txt_snapshot
  list([
    '# Attention',
    '',
    '# Attention',
    '',
    'A weighted-sum mechanism. Used by [[concepts/transformer]].',
    '',
    '----',
    '',
    '# Transformer',
    '',
    '# Transformer',
    '',
    'A neural net architecture using [[concepts/attention]] introduced by [[entities/google]].',
    '',
    '----',
    '',
    '# Google',
    '',
    '# Google',
    '',
    'Tech company that published the Transformer paper.',
  ])
# ---
# name: test_build_summary_content_snapshot
  list([
    '# Attention Is All You Need',
    '',
    '**Authors:** Vaswani, Shazeer',
    '',
    '',
    '## Overview',
    '',
    'A purely attention-based seq2seq model outperforms recurrent encoders on translation.',
    '',
    '',
    '## Key Claims',
    '',
    '- Self-attention captures long-range dependencies in O(1) sequential ops.',
    '- Multi-head attention learns multiple projection subspaces.',
    '',
    '',
    '## Entities Mentioned',
    '',
    '- [[entities/google|Google]]',
    '- [[entities/transformer|Transformer]]',
    '- [[entities/vaswani|Vaswani]]',
    '',
    '',
    '## Concepts',
    '',
    '- [[concepts/attention|Attention]]',
    '- [[concepts/encoder-decoder|Encoder-Decoder]]',
  ])
# ---
